[00:03:03] [Server thread/WARN]: Mismatch in destroy block pos: BlockPos{x=-101, y=16, z=-389} BlockPos{x=-101, y=16, z=-390}
[00:07:27] [Server thread/INFO]: Unknown or incomplete command. See below for error
[00:07:27] [Server thread/INFO]: sasadas<--[HERE]
[00:07:27] [Server thread/INFO]: Unknown or incomplete command. See below for error
[00:07:27] [Server thread/INFO]: <--[HERE]
[00:10:46] [Server thread/INFO]: Renesito[/172.29.190.27:56638] logged in with entity id 23249 at (-111.11084647498022, 16.0, -87.86298830717503)
[00:10:46] [Server thread/INFO]: Renesito joined the game
[00:12:14] [Server thread/WARN]: Mismatch in destroy block pos: BlockPos{x=95, y=13, z=-294} BlockPos{x=95, y=15, z=-294}
[00:14:09] [Server thread/WARN]: Mismatch in destroy block pos: BlockPos{x=53, y=12, z=-296} BlockPos{x=52, y=11, z=-295}
[00:15:07] [Server thread/WARN]: Mismatch in destroy block pos: BlockPos{x=81, y=11, z=-290} BlockPos{x=81, y=11, z=-291}
[00:17:35] [Server thread/WARN]: Mismatch in destroy block pos: BlockPos{x=85, y=12, z=-298} BlockPos{x=114, y=15, z=-294}
[00:19:56] [Server thread/WARN]: Mismatch in destroy block pos: BlockPos{x=-186, y=15, z=-192} BlockPos{x=-187, y=13, z=-192}
[00:20:09] [Server thread/WARN]: Mismatch in destroy block pos: BlockPos{x=117, y=13, z=-294} BlockPos{x=45, y=12, z=-262}
[00:26:43] [Server thread/WARN]: Mismatch in destroy block pos: BlockPos{x=-361, y=13, z=-191} BlockPos{x=-361, y=12, z=-191}
[00:26:43] [Server thread/WARN]: Mismatch in destroy block pos: BlockPos{x=-361, y=13, z=-191} BlockPos{x=-361, y=12, z=-191}
[00:26:43] [Server thread/WARN]: Mismatch in destroy block pos: BlockPos{x=-361, y=13, z=-191} BlockPos{x=-361, y=12, z=-191}
[00:28:01] [Server thread/INFO]: Unknown or incomplete command. See below for error
[00:28:01] [Server thread/INFO]: saas<--[HERE]
[00:28:01] [Server thread/INFO]: Unknown or incomplete command. See below for error
[00:28:01] [Server thread/INFO]: <--[HERE]
[00:31:10] [Server thread/WARN]: Mismatch in destroy block pos: BlockPos{x=71, y=14, z=-389} BlockPos{x=71, y=15, z=-391}
[00:31:12] [Server thread/WARN]: Mismatch in destroy block pos: BlockPos{x=71, y=14, z=-389} BlockPos{x=71, y=15, z=-392}
[00:31:19] [Server thread/INFO]: Renesito lost connection: Disconnected
[00:31:19] [Server thread/INFO]: Renesito left the game
[00:31:37] [Server thread/INFO]: DraculaNew was blown up by DraculaNew
[00:31:37] [Server thread/INFO]: Created new backpack backup file for DraculaNew with unique ID travelersbackpack.magma_cube_23.09.2026-00.31.37.dat
[00:31:37] [Server thread/INFO]: Created new backpack backup file for DraculaNew with unique ID travelersbackpack.magma_cube_23.09.2026-00.31.37.dat
[00:31:37] [Server thread/INFO]: Your backpack has been placed at X: -222 Y: 14 Z: -190
[00:32:04] [Server thread/INFO]: [Yazuu: Teleported DraculaNew to Yazuu]
[00:32:43] [Server thread/INFO]: Renesito[/172.29.190.27:57901] logged in with entity id 37783 at (42.66676198343689, 102.0, -310.8281478862004)
[00:32:43] [Server thread/INFO]: Renesito joined the game
[00:32:55] [Server thread/INFO]: [Not Secure] <DraculaNew> -222 14 -190
[00:33:20] [Server thread/INFO]: [Yazuu: Teleported Yazuu to -221.500000, 14.000000, -189.500000]
[00:34:13] [Server thread/INFO]: [Yazuu: Teleported DraculaNew to Yazuu]
[00:34:59] [Server thread/INFO]: [Yazuu: Teleported Yazuu to 71.500000, 14.000000, -349.500000]
[00:39:21] [Server thread/WARN]: Mismatch in destroy block pos: BlockPos{x=-451, y=15, z=-191} BlockPos{x=-452, y=14, z=-191}
[00:46:43] [Server thread/WARN]: Mismatch in destroy block pos: BlockPos{x=-689, y=15, z=-189} BlockPos{x=-690, y=14, z=-189}
[00:46:43] [Server thread/WARN]: Mismatch in destroy block pos: BlockPos{x=-689, y=15, z=-189} BlockPos{x=-690, y=14, z=-189}
[00:48:06] [Server thread/INFO]: Unknown or incomplete command. See below for error
[00:48:06] [Server thread/INFO]: sdasdsa<--[HERE]
[00:48:06] [Server thread/INFO]: Unknown or incomplete command. See below for error
[00:48:06] [Server thread/INFO]: <--[HERE]
[00:54:18] [Server thread/WARN]: Mismatch in destroy block pos: BlockPos{x=-858, y=16, z=-189} BlockPos{x=-856, y=16, z=-189}
[01:03:53] [Server thread/WARN]: Mismatch in destroy block pos: BlockPos{x=-998, y=14, z=-189} BlockPos{x=-1021, y=15, z=-189}
[01:03:53] [Server thread/WARN]: Mismatch in destroy block pos: BlockPos{x=-998, y=14, z=-189} BlockPos{x=-1021, y=15, z=-189}
[01:05:53] [Server thread/INFO]: DraculaNew blew up
[01:05:53] [Server thread/INFO]: Created new backpack backup file for DraculaNew with unique ID travelersbackpack.magma_cube_23.09.2026-01.05.53.dat
[01:05:53] [Server thread/INFO]: Created new backpack backup file for DraculaNew with unique ID travelersbackpack.magma_cube_23.09.2026-01.05.53.dat
[01:05:53] [Server thread/INFO]: Your backpack has been placed at X: -990 Y: 13 Z: -190
[01:06:13] [Server thread/INFO]: [Not Secure] <DraculaNew> -990 13 -190
[01:06:27] [Server thread/INFO]: [Yazuu: Teleported DraculaNew to -989.500000, 13.000000, -189.500000]
[01:08:11] [Server thread/INFO]: Unknown or incomplete command. See below for error
[01:08:11] [Server thread/INFO]: asdas<--[HERE]
[01:08:11] [Server thread/INFO]: Unknown or incomplete command. See below for error
[01:08:11] [Server thread/INFO]: <--[HERE]
[01:08:31] [Server thread/WARN]: Mismatch in destroy block pos: BlockPos{x=12, y=15, z=-358} BlockPos{x=1, y=15, z=-358}
[01:11:27] [Server thread/WARN]: Mismatch in destroy block pos: BlockPos{x=-1069, y=15, z=-50} BlockPos{x=-1069, y=14, z=-47}
[01:11:35] [Server thread/WARN]: Mismatch in destroy block pos: BlockPos{x=-1069, y=13, z=-26} BlockPos{x=-1069, y=13, z=-27}
[01:11:35] [Server thread/WARN]: Mismatch in destroy block pos: BlockPos{x=-1069, y=13, z=-26} BlockPos{x=-1069, y=13, z=-27}
[01:11:35] [Server thread/WARN]: Mismatch in destroy block pos: BlockPos{x=-1069, y=13, z=-26} BlockPos{x=-1069, y=13, z=-27}
[01:14:56] [Server thread/WARN]: Mismatch in destroy block pos: BlockPos{x=-297, y=13, z=-27} BlockPos{x=-295, y=14, z=-27}
[01:18:56] [Server thread/WARN]: Mismatch in destroy block pos: BlockPos{x=-309, y=13, z=-23} BlockPos{x=-273, y=15, z=-44}
[01:21:12] [Server thread/INFO]: Renesito has made the advancement [Oh Shiny]
[01:24:47] [Server thread/WARN]: Mismatch in destroy block pos: BlockPos{x=-1069, y=16, z=198} BlockPos{x=-1069, y=15, z=199}
[01:24:57] [Server thread/WARN]: Mismatch in destroy block pos: BlockPos{x=-1069, y=15, z=228} BlockPos{x=-1069, y=14, z=228}
[01:25:14] [Server thread/WARN]: Mismatch in destroy block pos: BlockPos{x=-1069, y=15, z=243} BlockPos{x=-1069, y=14, z=243}
[01:25:14] [Server thread/WARN]: Mismatch in destroy block pos: BlockPos{x=-1069, y=15, z=243} BlockPos{x=-1069, y=14, z=243}
[01:28:13] [Server thread/INFO]: Unknown or incomplete command. See below for error
[01:28:13] [Server thread/INFO]: asdsa<--[HERE]
[01:28:13] [Server thread/INFO]: Unknown or incomplete command. See below for error
[01:28:13] [Server thread/INFO]: <--[HERE]
[01:38:35] [Server thread/WARN]: Mismatch in destroy block pos: BlockPos{x=-1073, y=14, z=253} BlockPos{x=-1073, y=13, z=255}
[01:39:47] [Server thread/WARN]: Mismatch in destroy block pos: BlockPos{x=-1069, y=14, z=365} BlockPos{x=-1069, y=13, z=364}
[01:39:47] [Server thread/WARN]: Mismatch in destroy block pos: BlockPos{x=-1069, y=14, z=365} BlockPos{x=-1069, y=13, z=364}
[01:48:16] [Server thread/INFO]: Unknown or incomplete command. See below for error
[01:48:16] [Server thread/INFO]: asas<--[HERE]
[01:48:16] [Server thread/INFO]: Unknown or incomplete command. See below for error
[01:48:16] [Server thread/INFO]: <--[HERE]
[01:49:39] [Server thread/INFO]: [Not Secure] <Renesito> YA ME TENGO QUE FUIR
[01:49:43] [Server thread/INFO]: [Not Secure] <Renesito> UNU
[01:50:07] [Server thread/INFO]: [Not Secure] <Renesito> ME DIJERON QUE ME VAYA DE LA CASA
[01:50:13] [Server thread/INFO]: [Not Secure] <Renesito> XD
[01:50:15] [Server thread/INFO]: Renesito lost connection: Disconnected
[01:50:15] [Server thread/INFO]: Renesito left the game
[02:04:05] [Server thread/WARN]: Mismatch in destroy block pos: BlockPos{x=-262, y=15, z=-437} BlockPos{x=-263, y=16, z=-437}
[02:08:22] [Server thread/INFO]: Unknown or incomplete command. See below for error
[02:08:22] [Server thread/INFO]: sasaas<--[HERE]
[02:08:22] [Server thread/INFO]: Unknown or incomplete command. See below for error
[02:08:22] [Server thread/INFO]: <--[HERE]
[02:16:26] [Server thread/INFO]: Mattute_uwu[/172.29.228.210:56763] logged in with entity id 116304 at (65.94560705407895, 109.0, -300.2085159393257)
[02:16:26] [Server thread/INFO]: Mattute_uwu joined the game
[02:16:38] [Server thread/INFO]: [Yazuu: Teleported DraculaNew to Yazuu]
[02:17:41] [Server thread/INFO]: Mattute_uwu lost connection: Timed out
[02:17:41] [Server thread/INFO]: Mattute_uwu left the game
[02:18:24] [Server thread/INFO]: Mattute_uwu[/172.29.228.210:56858] logged in with entity id 117309 at (65.02856748663334, 109.0, -290.41862186629197)
[02:18:24] [Server thread/INFO]: Mattute_uwu joined the game
[02:20:38] [Netty Epoll IO #0/WARN]: Failed to deliver packet, sending fallback clientbound/minecraft:system_chat
io.netty.channel.StacklessClosedChannelException
	at io.netty.channel.AbstractChannel.close(ChannelPromise)(Unknown Source)
[02:20:38] [Netty Epoll IO #0/WARN]: Failed to deliver packet, sending fallback clientbound/minecraft:system_chat
io.netty.channel.StacklessClosedChannelException
	at io.netty.channel.AbstractChannel.close(ChannelPromise)(Unknown Source)
[02:20:38] [Netty Epoll IO #0/WARN]: Failed to deliver packet, sending fallback clientbound/minecraft:system_chat
io.netty.channel.StacklessClosedChannelException
	at io.netty.channel.AbstractChannel.close(ChannelPromise)(Unknown Source)
[02:20:38] [Netty Epoll IO #0/WARN]: Failed to deliver packet, sending fallback clientbound/minecraft:system_chat
io.netty.channel.StacklessClosedChannelException
	at io.netty.channel.AbstractChannel.close(ChannelPromise)(Unknown Source)
[02:20:38] [Netty Epoll IO #0/WARN]: Failed to deliver packet, sending fallback clientbound/minecraft:system_chat
io.netty.channel.StacklessClosedChannelException
	at io.netty.channel.AbstractChannel.close(ChannelPromise)(Unknown Source)
[02:20:38] [Netty Epoll IO #0/WARN]: Failed to deliver packet, sending fallback clientbound/minecraft:system_chat
io.netty.channel.StacklessClosedChannelException
	at io.netty.channel.AbstractChannel.close(ChannelPromise)(Unknown Source)
[02:20:38] [Netty Epoll IO #0/WARN]: Failed to deliver packet, sending fallback clientbound/minecraft:system_chat
io.netty.channel.StacklessClosedChannelException
	at io.netty.channel.AbstractChannel.close(ChannelPromise)(Unknown Source)
[02:20:38] [Netty Epoll IO #0/WARN]: Failed to deliver packet, sending fallback clientbound/minecraft:system_chat
io.netty.channel.StacklessClosedChannelException
	at io.netty.channel.AbstractChannel.close(ChannelPromise)(Unknown Source)
[02:20:38] [Netty Epoll IO #0/WARN]: Failed to deliver packet, sending fallback clientbound/minecraft:system_chat
io.netty.channel.StacklessClosedChannelException
	at io.netty.channel.AbstractChannel.close(ChannelPromise)(Unknown Source)
[02:20:38] [Server thread/INFO]: Mattute_uwu lost connection: Disconnected
[02:20:38] [Server thread/INFO]: Mattute_uwu left the game
[02:28:34] [Server thread/INFO]: Unknown or incomplete command. See below for error
[02:28:34] [Server thread/INFO]: asda<--[HERE]
[02:28:34] [Server thread/INFO]: Unknown or incomplete command. See below for error
[02:28:34] [Server thread/INFO]: <--[HERE]
[02:39:36] [Server thread/INFO]: bohemia[/172.29.182.214:52919] logged in with entity id 123922 at (62.286945199862934, 80.06665510843864, -298.3167370003262)
[02:39:36] [Server thread/INFO]: bohemia joined the game
[02:39:53] [Server thread/INFO]: [Yazuu: Set bohemia's game mode to Survival Mode]
[02:40:15] [Server thread/INFO]: marinet45[/172.29.35.46:51348] logged in with entity id 124473 at (165.5, 74.0, -253.5)
[02:40:15] [Server thread/INFO]: marinet45 joined the game
[02:40:42] [Server thread/WARN]: Can't keep up! Is the server overloaded? Running 2043ms or 40 ticks behind
[02:41:32] [Server thread/WARN]: Can't keep up! Is the server overloaded? Running 2035ms or 40 ticks behind
[02:41:50] [Server thread/WARN]: Can't keep up! Is the server overloaded? Running 2227ms or 44 ticks behind
[02:48:58] [Server thread/WARN]: Can't keep up! Is the server overloaded? Running 2015ms or 40 ticks behind
[02:49:02] [Server thread/INFO]: Unknown or incomplete command. See below for error
[02:49:02] [Server thread/INFO]: s<--[HERE]
[02:49:02] [Server thread/INFO]: Unknown or incomplete command. See below for error
[02:49:02] [Server thread/INFO]: <--[HERE]
[02:49:03] [Server thread/INFO]: Unknown or incomplete command. See below for error
[02:49:03] [Server thread/INFO]: s<--[HERE]
[02:49:03] [Server thread/INFO]: Unknown or incomplete command. See below for error
[02:49:03] [Server thread/INFO]: <--[HERE]
[02:49:20] [Server thread/WARN]: Can't keep up! Is the server overloaded? Running 6605ms or 132 ticks behind
[02:49:39] [Server thread/INFO]: marinet45 lost connection: Disconnected
[02:49:39] [Server thread/INFO]: marinet45 left the game
[02:50:45] [Server thread/INFO]: marinet45[/172.29.35.46:56916] logged in with entity id 133310 at (-1977.504900566067, -9.0, 781.8559464320241)
[02:50:45] [Server thread/INFO]: marinet45 joined the game
[02:51:57] [Server thread/WARN]: Mismatch in destroy block pos: BlockPos{x=66, y=64, z=-1096} BlockPos{x=79, y=60, z=-1135}
[02:56:20] [Server thread/WARN]: Can't keep up! Is the server overloaded? Running 2036ms or 40 ticks behind
[02:57:53] [Server thread/WARN]: Can't keep up! Is the server overloaded? Running 2000ms or 40 ticks behind
[02:58:41] [Server thread/WARN]: Can't keep up! Is the server overloaded? Running 2014ms or 40 ticks behind
[02:58:58] [Server thread/WARN]: Can't keep up! Is the server overloaded? Running 2344ms or 46 ticks behind
[03:02:07] [Server thread/WARN]: Can't keep up! Is the server overloaded? Running 2008ms or 40 ticks behind
[03:03:02] [Server thread/WARN]: Can't keep up! Is the server overloaded? Running 2006ms or 40 ticks behind
[03:03:46] [Server thread/WARN]: Can't keep up! Is the server overloaded? Running 2002ms or 40 ticks behind
[03:04:52] [Server thread/WARN]: Can't keep up! Is the server overloaded? Running 2006ms or 40 ticks behind
[03:05:10] [Server thread/WARN]: Can't keep up! Is the server overloaded? Running 2302ms or 46 ticks behind
[03:05:28] [Server thread/WARN]: Can't keep up! Is the server overloaded? Running 3083ms or 61 ticks behind
[03:05:47] [Server thread/WARN]: Can't keep up! Is the server overloaded? Running 2011ms or 40 ticks behind
[03:06:04] [Server thread/WARN]: Can't keep up! Is the server overloaded? Running 2661ms or 53 ticks behind
[03:06:23] [Server thread/WARN]: Can't keep up! Is the server overloaded? Running 3472ms or 69 ticks behind
[03:06:54] [Server thread/WARN]: Can't keep up! Is the server overloaded? Running 2001ms or 40 ticks behind
[03:07:15] [Server thread/WARN]: Can't keep up! Is the server overloaded? Running 2001ms or 40 ticks behind
[03:08:17] [Server thread/WARN]: Can't keep up! Is the server overloaded? Running 2018ms or 40 ticks behind
[03:08:36] [Server thread/INFO]: Unknown or incomplete command. See below for error
[03:08:36] [Server thread/INFO]: sadas<--[HERE]
[03:08:36] [Server thread/INFO]: Unknown or incomplete command. See below for error
[03:08:36] [Server thread/INFO]: <--[HERE]
[03:14:29] [Server thread/WARN]: Can't keep up! Is the server overloaded? Running 2004ms or 40 ticks behind
[03:15:23] [Server thread/WARN]: Can't keep up! Is the server overloaded? Running 2003ms or 40 ticks behind
[03:25:57] [Server thread/WARN]: Can't keep up! Is the server overloaded? Running 2002ms or 40 ticks behind
[03:26:14] [Server thread/WARN]: Can't keep up! Is the server overloaded? Running 2162ms or 43 ticks behind
[03:27:02] [Server thread/WARN]: Can't keep up! Is the server overloaded? Running 2010ms or 40 ticks behind
[03:27:57] [Server thread/INFO]: Unknown or incomplete command. See below for error
[03:27:57] [Server thread/INFO]: dsaasd<--[HERE]
[03:27:57] [Server thread/INFO]: Unknown or incomplete command. See below for error
[03:27:57] [Server thread/INFO]: <--[HERE]
[03:29:00] [Server thread/WARN]: Can't keep up! Is the server overloaded? Running 2004ms or 40 ticks behind
[03:29:33] [Server thread/WARN]: Can't keep up! Is the server overloaded? Running 2005ms or 40 ticks behind
[03:30:36] [Server thread/WARN]: Can't keep up! Is the server overloaded? Running 2017ms or 40 ticks behind
[03:31:07] [Server thread/WARN]: Can't keep up! Is the server overloaded? Running 2026ms or 40 ticks behind
[03:33:01] [Server thread/INFO]: Yazuu lost connection: Disconnected
[03:33:01] [Server thread/INFO]: Yazuu left the game
[03:35:53] [Server thread/WARN]: Can't keep up! Is the server overloaded? Running 2026ms or 40 ticks behind
[03:36:13] [Server thread/WARN]: Can't keep up! Is the server overloaded? Running 4856ms or 97 ticks behind
[03:47:33] [Worker-Main-3/WARN]: Empty or non-existent pool: kaisyn:village/exclusives/mediterranean/villager_bishop
